Archive member included to satisfy reference by file (symbol)

c:/st/stm32cubeide_1.6.1/stm32cubeide/plugins/com.st.stm32cube.ide.mcu.externaltools.gnu-tools-for-stm32.9-2020-q2-update.win32_2.0.0.202105311346/tools/bin/../lib/gcc/arm-none-eabi/9.3.1/../../../../arm-none-eabi/lib/thumb/v7e-m+fp/hard\libc_nano.a(lib_a-errno.o)
                              ./Src/syscalls.o (__errno)
c:/st/stm32cubeide_1.6.1/stm32cubeide/plugins/com.st.stm32cube.ide.mcu.externaltools.gnu-tools-for-stm32.9-2020-q2-update.win32_2.0.0.202105311346/tools/bin/../lib/gcc/arm-none-eabi/9.3.1/../../../../arm-none-eabi/lib/thumb/v7e-m+fp/hard\libc_nano.a(lib_a-exit.o)
                              c:/st/stm32cubeide_1.6.1/stm32cubeide/plugins/com.st.stm32cube.ide.mcu.externaltools.gnu-tools-for-stm32.9-2020-q2-update.win32_2.0.0.202105311346/tools/bin/../lib/gcc/arm-none-eabi/9.3.1/../../../../arm-none-eabi/lib/thumb/v7e-m+fp/hard/crt0.o (exit)
c:/st/stm32cubeide_1.6.1/stm32cubeide/plugins/com.st.stm32cube.ide.mcu.externaltools.gnu-tools-for-stm32.9-2020-q2-update.win32_2.0.0.202105311346/tools/bin/../lib/gcc/arm-none-eabi/9.3.1/../../../../arm-none-eabi/lib/thumb/v7e-m+fp/hard\libc_nano.a(lib_a-impure.o)
                              c:/st/stm32cubeide_1.6.1/stm32cubeide/plugins/com.st.stm32cube.ide.mcu.externaltools.gnu-tools-for-stm32.9-2020-q2-update.win32_2.0.0.202105311346/tools/bin/../lib/gcc/arm-none-eabi/9.3.1/../../../../arm-none-eabi/lib/thumb/v7e-m+fp/hard\libc_nano.a(lib_a-exit.o) (_global_impure_ptr)
c:/st/stm32cubeide_1.6.1/stm32cubeide/plugins/com.st.stm32cube.ide.mcu.externaltools.gnu-tools-for-stm32.9-2020-q2-update.win32_2.0.0.202105311346/tools/bin/../lib/gcc/arm-none-eabi/9.3.1/../../../../arm-none-eabi/lib/thumb/v7e-m+fp/hard\libc_nano.a(lib_a-init.o)
                              c:/st/stm32cubeide_1.6.1/stm32cubeide/plugins/com.st.stm32cube.ide.mcu.externaltools.gnu-tools-for-stm32.9-2020-q2-update.win32_2.0.0.202105311346/tools/bin/../lib/gcc/arm-none-eabi/9.3.1/../../../../arm-none-eabi/lib/thumb/v7e-m+fp/hard/crt0.o (__libc_init_array)
c:/st/stm32cubeide_1.6.1/stm32cubeide/plugins/com.st.stm32cube.ide.mcu.externaltools.gnu-tools-for-stm32.9-2020-q2-update.win32_2.0.0.202105311346/tools/bin/../lib/gcc/arm-none-eabi/9.3.1/../../../../arm-none-eabi/lib/thumb/v7e-m+fp/hard\libc_nano.a(lib_a-memset.o)
                              c:/st/stm32cubeide_1.6.1/stm32cubeide/plugins/com.st.stm32cube.ide.mcu.externaltools.gnu-tools-for-stm32.9-2020-q2-update.win32_2.0.0.202105311346/tools/bin/../lib/gcc/arm-none-eabi/9.3.1/../../../../arm-none-eabi/lib/thumb/v7e-m+fp/hard/crt0.o (memset)
c:/st/stm32cubeide_1.6.1/stm32cubeide/plugins/com.st.stm32cube.ide.mcu.externaltools.gnu-tools-for-stm32.9-2020-q2-update.win32_2.0.0.202105311346/tools/bin/../lib/gcc/arm-none-eabi/9.3.1/../../../../arm-none-eabi/lib/thumb/v7e-m+fp/hard\libc_nano.a(lib_a-printf.o)
                              ./drivers/Src/stm32f407xx_gpio_driver.o (printf)
c:/st/stm32cubeide_1.6.1/stm32cubeide/plugins/com.st.stm32cube.ide.mcu.externaltools.gnu-tools-for-stm32.9-2020-q2-update.win32_2.0.0.202105311346/tools/bin/../lib/gcc/arm-none-eabi/9.3.1/../../../../arm-none-eabi/lib/thumb/v7e-m+fp/hard\libc_nano.a(lib_a-puts.o)
                              ./drivers/Src/stm32f407xx_gpio_driver.o (puts)
c:/st/stm32cubeide_1.6.1/stm32cubeide/plugins/com.st.stm32cube.ide.mcu.externaltools.gnu-tools-for-stm32.9-2020-q2-update.win32_2.0.0.202105311346/tools/bin/../lib/gcc/arm-none-eabi/9.3.1/../../../../arm-none-eabi/lib/thumb/v7e-m+fp/hard\libc_nano.a(lib_a-strlen.o)
                              ./Src/I2C_tx_String_arduino.o (strlen)
c:/st/stm32cubeide_1.6.1/stm32cubeide/plugins/com.st.stm32cube.ide.mcu.externaltools.gnu-tools-for-stm32.9-2020-q2-update.win32_2.0.0.202105311346/tools/bin/../lib/gcc/arm-none-eabi/9.3.1/../../../../arm-none-eabi/lib/thumb/v7e-m+fp/hard\libc_nano.a(lib_a-wbuf.o)
                              c:/st/stm32cubeide_1.6.1/stm32cubeide/plugins/com.st.stm32cube.ide.mcu.externaltools.gnu-tools-for-stm32.9-2020-q2-update.win32_2.0.0.202105311346/tools/bin/../lib/gcc/arm-none-eabi/9.3.1/../../../../arm-none-eabi/lib/thumb/v7e-m+fp/hard\libc_nano.a(lib_a-puts.o) (__swbuf_r)
c:/st/stm32cubeide_1.6.1/stm32cubeide/plugins/com.st.stm32cube.ide.mcu.externaltools.gnu-tools-for-stm32.9-2020-q2-update.win32_2.0.0.202105311346/tools/bin/../lib/gcc/arm-none-eabi/9.3.1/../../../../arm-none-eabi/lib/thumb/v7e-m+fp/hard\libc_nano.a(lib_a-wsetup.o)
                              c:/st/stm32cubeide_1.6.1/stm32cubeide/plugins/com.st.stm32cube.ide.mcu.externaltools.gnu-tools-for-stm32.9-2020-q2-update.win32_2.0.0.202105311346/tools/bin/../lib/gcc/arm-none-eabi/9.3.1/../../../../arm-none-eabi/lib/thumb/v7e-m+fp/hard\libc_nano.a(lib_a-puts.o) (__swsetup_r)
[...]
Memory Configuration

Name             Origin             Length             Attributes
CCMRAM           0x0000000010000000 0x0000000000010000 xrw
RAM              0x0000000020000000 0x0000000000020000 xrw
FLASH            0x0000000008000000 0x0000000000100000 xr
*default*        0x0000000000000000 0xffffffffffffffff

Linker script and memory map

LOAD c:/st/stm32cubeide_1.6.1/stm32cubeide/plugins/com.st.stm32cube.ide.mcu.externaltools.gnu-tools-for-stm32.9-2020-q2-update.win32_2.0.0.202105311346/tools/bin/../lib/gcc/arm-none-eabi/9.3.1/thumb/v7e-m+fp/hard/crti.o
LOAD c:/st/stm32cubeide_1.6.1/stm32cubeide/plugins/com.st.stm32cube.ide.mcu.externaltools.gnu-tools-for-stm32.9-2020-q2-update.win32_2.0.0.202105311346/tools/bin/../lib/gcc/arm-none-eabi/9.3.1/thumb/v7e-m+fp/hard/crtbegin.o
LOAD c:/st/stm32cubeide_1.6.1/stm32cubeide/plugins/com.st.stm32cube.ide.mcu.externaltools.gnu-tools-for-stm32.9-2020-q2-update.win32_2.0.0.202105311346/tools/bin/../lib/gcc/arm-none-eabi/9.3.1/../../../../arm-none-eabi/lib/thumb/v7e-m+fp/hard/crt0.o
LOAD ./Src/I2C_tx_String_arduino.o
LOAD ./Src/syscalls.o
LOAD ./Src/sysmem.o
LOAD ./Startup/startup_stm32f407vgtx.o
LOAD ./drivers/Src/stm32f407xx_gpio_driver.o
LOAD ./drivers/Src/stm32f407xx_i2c_driver.o
START GROUP
LOAD c:/st/stm32cubeide_1.6.1/stm32cubeide/plugins/com.st.stm32cube.ide.mcu.externaltools.gnu-tools-for-stm32.9-2020-q2-update.win32_2.0.0.202105311346/tools/bin/../lib/gcc/arm-none-eabi/9.3.1/../../../../arm-none-eabi/lib/thumb/v7e-m+fp/hard\libc_nano.a
LOAD c:/st/stm32cubeide_1.6.1/stm32cubeide/plugins/com.st.stm32cube.ide.mcu.externaltools.gnu-tools-for-stm32.9-2020-q2-update.win32_2.0.0.202105311346/tools/bin/../lib/gcc/arm-none-eabi/9.3.1/../../../../arm-none-eabi/lib/thumb/v7e-m+fp/hard\libm.a
END GROUP
START GROUP
LOAD c:/st/stm32cubeide_1.6.1/stm32cubeide/plugins/com.st.stm32cube.ide.mcu.externaltools.gnu-tools-for-stm32.9-2020-q2-update.win32_2.0.0.202105311346/tools/bin/../lib/gcc/arm-none-eabi/9.3.1/thumb/v7e-m+fp/hard\libgcc.a
LOAD c:/st/stm32cubeide_1.6.1/stm32cubeide/plugins/com.st.stm32cube.ide.mcu.externaltools.gnu-tools-for-stm32.9-2020-q2-update.win32_2.0.0.202105311346/tools/bin/../lib/gcc/arm-none-eabi/9.3.1/../../../../arm-none-eabi/lib/thumb/v7e-m+fp/hard\libc_nano.a
END GROUP
START GROUP
LOAD c:/st/stm32cubeide_1.6.1/stm32cubeide/plugins/com.st.stm32cube.ide.mcu.externaltools.gnu-tools-for-stm32.9-2020-q2-update.win32_2.0.0.202105311346/tools/bin/../lib/gcc/arm-none-eabi/9.3.1/thumb/v7e-m+fp/hard\libgcc.a
LOAD c:/st/stm32cubeide_1.6.1/stm32cubeide/plugins/com.st.stm32cube.ide.mcu.externaltools.gnu-tools-for-stm32.9-2020-q2-update.win32_2.0.0.202105311346/tools/bin/../lib/gcc/arm-none-eabi/9.3.1/../../../../arm-none-eabi/lib/thumb/v7e-m+fp/hard\libc_nano.a
LOAD c:/st/stm32cubeide_1.6.1/stm32cubeide/plugins/com.st.stm32cube.ide.mcu.externaltools.gnu-tools-for-stm32.9-2020-q2-update.win32_2.0.0.202105311346/tools/bin/../lib/gcc/arm-none-eabi/9.3.1/../../../../arm-none-eabi/lib/thumb/v7e-m+fp/hard\libnosys.a
END GROUP
START GROUP
LOAD c:/st/stm32cubeide_1.6.1/stm32cubeide/plugins/com.st.stm32cube.ide.mcu.externaltools.gnu-tools-for-stm32.9-2020-q2-update.win32_2.0.0.202105311346/tools/bin/../lib/gcc/arm-none-eabi/9.3.1/thumb/v7e-m+fp/hard\libgcc.a
LOAD c:/st/stm32cubeide_1.6.1/stm32cubeide/plugins/com.st.stm32cube.ide.mcu.externaltools.gnu-tools-for-stm32.9-2020-q2-update.win32_2.0.0.202105311346/tools/bin/../lib/gcc/arm-none-eabi/9.3.1/../../../../arm-none-eabi/lib/thumb/v7e-m+fp/hard\libc_nano.a
LOAD c:/st/stm32cubeide_1.6.1/stm32cubeide/plugins/com.st.stm32cube.ide.mcu.externaltools.gnu-tools-for-stm32.9-2020-q2-update.win32_2.0.0.202105311346/tools/bin/../lib/gcc/arm-none-eabi/9.3.1/../../../../arm-none-eabi/lib/thumb/v7e-m+fp/hard\libnosys.a
END GROUP
LOAD c:/st/stm32cubeide_1.6.1/stm32cubeide/plugins/com.st.stm32cube.ide.mcu.externaltools.gnu-tools-for-stm32.9-2020-q2-update.win32_2.0.0.202105311346/tools/bin/../lib/gcc/arm-none-eabi/9.3.1/thumb/v7e-m+fp/hard/crtend.o
LOAD c:/st/stm32cubeide_1.6.1/stm32cubeide/plugins/com.st.stm32cube.ide.mcu.externaltools.gnu-tools-for-stm32.9-2020-q2-update.win32_2.0.0.202105311346/tools/bin/../lib/gcc/arm-none-eabi/9.3.1/thumb/v7e-m+fp/hard/crtn.o
                0x0000000020020000                _estack = (ORIGIN (RAM) + LENGTH (RAM))
                0x0000000000000200                _Min_Heap_Size = 0x200
                0x0000000000000400                _Min_Stack_Size = 0x400

.isr_vector     0x0000000008000000      0x1a8
                0x0000000008000000                . = ALIGN (0x4)
 *(.isr_vector)
 .isr_vector    0x0000000008000000      0x1a8 ./Startup/startup_stm32f407vgtx.o
                0x0000000008000000                g_pfnVectors
                0x00000000080001a8                . = ALIGN (0x4)

.text           0x00000000080001a8      0xd48
                0x00000000080001a8                . = ALIGN (0x4)
 *(.text)
 .text          0x00000000080001a8       0x40 c:/st/stm32cubeide_1.6.1/stm32cubeide/plugins/com.st.stm32cube.ide.mcu.externaltools.gnu-tools-for-stm32.9-2020-q2-update.win32_2.0.0.202105311346/tools/bin/../lib/gcc/arm-none-eabi/9.3.1/thumb/v7e-m+fp/hard/crtbegin.o
 .text          0x00000000080001e8       0x10 c:/st/stm32cubeide_1.6.1/stm32cubeide/plugins/com.st.stm32cube.ide.mcu.externaltools.gnu-tools-for-stm32.9-2020-q2-update.win32_2.0.0.202105311346/tools/bin/../lib/gcc/arm-none-eabi/9.3.1/../../../../arm-none-eabi/lib/thumb/v7e-m+fp/hard\libc_nano.a(lib_a-strlen.o)
                0x00000000080001e8                strlen
 *(.text*)
 .text.I2C2_GPIOInits
                0x00000000080001f8       0x44 ./Src/I2C_tx_String_arduino.o
                0x00000000080001f8                I2C2_GPIOInits
 .text.I2C2_Inits
                0x000000000800023c       0x38 ./Src/I2C_tx_String_arduino.o
                0x000000000800023c                I2C2_Inits
 .text.GPIO_ButtonInit
                0x0000000008000274       0x38 ./Src/I2C_tx_String_arduino.o
                0x0000000008000274                GPIO_ButtonInit
 .text.main     0x00000000080002ac       0x80 ./Src/I2C_tx_String_arduino.o
                0x00000000080002ac                main
 .text.Reset_Handler
                0x000000000800032c       0x50 ./Startup/startup_stm32f407vgtx.o
                0x000000000800032c                Reset_Handler
 .text.Default_Handler
                0x000000000800037c        0x2 ./Startup/startup_stm32f407vgtx.o
                0x000000000800037c                RTC_Alarm_IRQHandler
                0x000000000800037c                HASH_RNG_IRQHandler
                0x000000000800037c                EXTI2_IRQHandler
                0x000000000800037c                TIM8_CC_IRQHandler
                0x000000000800037c                DebugMon_Handler
                0x000000000800037c                TIM1_CC_IRQHandler
                0x000000000800037c                DMA2_Stream5_IRQHandler
                0x000000000800037c                HardFault_Handler
                0x000000000800037c                DMA1_Stream5_IRQHandler
                0x000000000800037c                SysTick_Handler
                0x000000000800037c                PVD_IRQHandler
                0x000000000800037c                SDIO_IRQHandler
                0x000000000800037c                TAMP_STAMP_IRQHandler
                0x000000000800037c                PendSV_Handler
                0x000000000800037c                NMI_Handler
                0x000000000800037c                CAN2_RX1_IRQHandler
                0x000000000800037c                EXTI3_IRQHandler
                0x000000000800037c                TIM8_TRG_COM_TIM14_IRQHandler
                0x000000000800037c                TIM1_UP_TIM10_IRQHandler
                0x000000000800037c                TIM8_UP_TIM13_IRQHandler
                0x000000000800037c                I2C3_ER_IRQHandler
                0x000000000800037c                LCD_TFT_IRQHandler
                0x000000000800037c                EXTI0_IRQHandler
                0x000000000800037c                I2C2_EV_IRQHandler
                0x000000000800037c                DMA1_Stream2_IRQHandler
                0x000000000800037c                CAN1_RX0_IRQHandler
                0x000000000800037c                FPU_IRQHandler
                0x000000000800037c                OTG_HS_WKUP_IRQHandler
                0x000000000800037c                UsageFault_Handler
                0x000000000800037c                CAN2_SCE_IRQHandler
                0x000000000800037c                DMA2_Stream2_IRQHandler
                0x000000000800037c                SPI1_IRQHandler
                0x000000000800037c                TIM6_DAC_IRQHandler
                0x000000000800037c                TIM1_BRK_TIM9_IRQHandler
                0x000000000800037c                DCMI_IRQHandler
                0x000000000800037c                CAN2_RX0_IRQHandler
                0x000000000800037c                DMA2_Stream3_IRQHandler
                0x000000000800037c                USART6_IRQHandler
                0x000000000800037c                USART3_IRQHandler
                0x000000000800037c                CRYP_IRQHandler
                0x000000000800037c                CAN1_RX1_IRQHandler
                0x000000000800037c                UART5_IRQHandler
                0x000000000800037c                DMA2_Stream0_IRQHandler
                0x000000000800037c                TIM4_IRQHandler
                0x000000000800037c                I2C1_EV_IRQHandler
                0x000000000800037c                DMA1_Stream6_IRQHandler
                0x000000000800037c                DMA1_Stream1_IRQHandler
                0x000000000800037c                UART4_IRQHandler
                0x000000000800037c                LCD_TFT_1_IRQHandler
                0x000000000800037c                TIM3_IRQHandler
                0x000000000800037c                RCC_IRQHandler
                0x000000000800037c                TIM8_BRK_TIM12_IRQHandler
                0x000000000800037c                Default_Handler
                0x000000000800037c                EXTI15_10_IRQHandler
                0x000000000800037c                ADC_IRQHandler
                0x000000000800037c                DMA1_Stream7_IRQHandler
                0x000000000800037c                TIM7_IRQHandler
                0x000000000800037c                CAN2_TX_IRQHandler
                0x000000000800037c                TIM5_IRQHandler
                0x000000000800037c                DMA2_Stream7_IRQHandler
                0x000000000800037c                I2C3_EV_IRQHandler
                0x000000000800037c                EXTI9_5_IRQHandler
                0x000000000800037c                RTC_WKUP_IRQHandler
                0x000000000800037c                ETH_WKUP_IRQHandler
                0x000000000800037c                SPI2_IRQHandler
                0x000000000800037c                OTG_HS_EP1_IN_IRQHandler
                0x000000000800037c                MemManage_Handler
                0x000000000800037c                DMA1_Stream0_IRQHandler
                0x000000000800037c                CAN1_TX_IRQHandler
                0x000000000800037c                SVC_Handler
                0x000000000800037c                EXTI4_IRQHandler
                0x000000000800037c                FSMC_IRQHandler
                0x000000000800037c                ETH_IRQHandler
                0x000000000800037c                OTG_HS_EP1_OUT_IRQHandler
                0x000000000800037c                WWDG_IRQHandler
                0x000000000800037c                TIM2_IRQHandler
                0x000000000800037c                OTG_FS_WKUP_IRQHandler
                0x000000000800037c                TIM1_TRG_COM_TIM11_IRQHandler
                0x000000000800037c                OTG_HS_IRQHandler
                0x000000000800037c                EXTI1_IRQHandler
                0x000000000800037c                USART2_IRQHandler
                0x000000000800037c                I2C2_ER_IRQHandler
                0x000000000800037c                DMA2_Stream1_IRQHandler
                0x000000000800037c                CAN1_SCE_IRQHandler
                0x000000000800037c                DMA2_Stream4_IRQHandler
                0x000000000800037c                BusFault_Handler
                0x000000000800037c                USART1_IRQHandler
                0x000000000800037c                OTG_FS_IRQHandler
                0x000000000800037c                SPI3_IRQHandler
                0x000000000800037c                DMA1_Stream4_IRQHandler
                0x000000000800037c                I2C1_ER_IRQHandler
                0x000000000800037c                DMA2_Stream6_IRQHandler
                0x000000000800037c                DMA1_Stream3_IRQHandler
 *fill*         0x000000000800037e        0x2 
 .text.GPIO_PeripClockControl
                0x0000000008000380      0x230 ./drivers/Src/stm32f407xx_gpio_driver.o
                0x0000000008000380                GPIO_PeripClockControl
 .text.GPIO_Init
                0x00000000080005b0      0x370 ./drivers/Src/stm32f407xx_gpio_driver.o
                0x00000000080005b0                GPIO_Init
 .text.GPIO_ReadFromInputPin
                0x0000000008000920       0x2c ./drivers/Src/stm32f407xx_gpio_driver.o
                0x0000000008000920                GPIO_ReadFromInputPin
 .text.I2C_Generate_start_condition
                0x000000000800094c       0x20 ./drivers/Src/stm32f407xx_i2c_driver.o
 .text.I2C_Generate_Stop_Condition
                0x000000000800096c       0x20 ./drivers/Src/stm32f407xx_i2c_driver.o
 .text.I2C_GetFlagStatus
                0x000000000800098c       0x28 ./drivers/Src/stm32f407xx_i2c_driver.o
                0x000000000800098c                I2C_GetFlagStatus
 .text.I2C_executeAddresPhase
                0x00000000080009b4       0x46 ./drivers/Src/stm32f407xx_i2c_driver.o
 .text.Clear_ADDR_FLAG
                0x00000000080009fa       0x7a ./drivers/Src/stm32f407xx_i2c_driver.o
 .text.I2C_PeripheralClockControl
                0x0000000008000a74       0xb0 ./drivers/Src/stm32f407xx_i2c_driver.o
                0x0000000008000a74                I2C_PeripheralClockControl
 .text.RCC_GetPllClk
                0x0000000008000b24       0x10 ./drivers/Src/stm32f407xx_i2c_driver.o
                0x0000000008000b24                RCC_GetPllClk
 .text.RCC_GetPCLK1Vlaue
                0x0000000008000b34       0xe0 ./drivers/Src/stm32f407xx_i2c_driver.o
                0x0000000008000b34                RCC_GetPCLK1Vlaue
 .text.I2C_Init
                0x0000000008000c14      0x17c ./drivers/Src/stm32f407xx_i2c_driver.o
                0x0000000008000c14                I2C_Init
 .text.I2C_PeripheralControl
                0x0000000008000d90       0x38 ./drivers/Src/stm32f407xx_i2c_driver.o
                0x0000000008000d90                I2C_PeripheralControl
 .text.I2C_Send
                0x0000000008000dc8       0xc6 ./drivers/Src/stm32f407xx_i2c_driver.o
                0x0000000008000dc8                I2C_Send
 *fill*         0x0000000008000e8e        0x2 
 .text.__libc_init_array
                0x0000000008000e90       0x48 c:/st/stm32cubeide_1.6.1/stm32cubeide/plugins/com.st.stm32cube.ide.mcu.externaltools.gnu-tools-for-stm32.9-2020-q2-update.win32_2.0.0.202105311346/tools/bin/../lib/gcc/arm-none-eabi/9.3.1/../../../../arm-none-eabi/lib/thumb/v7e-m+fp/hard\libc_nano.a(lib_a-init.o)
                0x0000000008000e90                __libc_init_array
 *(.glue_7)
 .glue_7        0x0000000008000ed8        0x0 linker stubs
 *(.glue_7t)
 .glue_7t       0x0000000008000ed8        0x0 linker stubs
 *(.eh_frame)
 .eh_frame      0x0000000008000ed8        0x0 c:/st/stm32cubeide_1.6.1/stm32cubeide/plugins/com.st.stm32cube.ide.mcu.externaltools.gnu-tools-for-stm32.9-2020-q2-update.win32_2.0.0.202105311346/tools/bin/../lib/gcc/arm-none-eabi/9.3.1/thumb/v7e-m+fp/hard/crtbegin.o
 *(.init)
 .init          0x0000000008000ed8        0x4 c:/st/stm32cubeide_1.6.1/stm32cubeide/plugins/com.st.stm32cube.ide.mcu.externaltools.gnu-tools-for-stm32.9-2020-q2-update.win32_2.0.0.202105311346/tools/bin/../lib/gcc/arm-none-eabi/9.3.1/thumb/v7e-m+fp/hard/crti.o
                0x0000000008000ed8                _init
 .init          0x0000000008000edc        0x8 c:/st/stm32cubeide_1.6.1/stm32cubeide/plugins/com.st.stm32cube.ide.mcu.externaltools.gnu-tools-for-stm32.9-2020-q2-update.win32_2.0.0.202105311346/tools/bin/../lib/gcc/arm-none-eabi/9.3.1/thumb/v7e-m+fp/hard/crtn.o
 *(.fini)
 .fini          0x0000000008000ee4        0x4 c:/st/stm32cubeide_1.6.1/stm32cubeide/plugins/com.st.stm32cube.ide.mcu.externaltools.gnu-tools-for-stm32.9-2020-q2-update.win32_2.0.0.202105311346/tools/bin/../lib/gcc/arm-none-eabi/9.3.1/thumb/v7e-m+fp/hard/crti.o
                0x0000000008000ee4                _fini
 .fini          0x0000000008000ee8        0x8 c:/st/stm32cubeide_1.6.1/stm32cubeide/plugins/com.st.stm32cube.ide.mcu.externaltools.gnu-tools-for-stm32.9-2020-q2-update.win32_2.0.0.202105311346/tools/bin/../lib/gcc/arm-none-eabi/9.3.1/thumb/v7e-m+fp/hard/crtn.o
                0x0000000008000ef0                . = ALIGN (0x4)
                0x0000000008000ef0                _etext = .

.vfp11_veneer   0x0000000008000ef0        0x0
 .vfp11_veneer  0x0000000008000ef0        0x0 linker stubs

.v4_bx          0x0000000008000ef0        0x0
 .v4_bx         0x0000000008000ef0        0x0 linker stubs

.iplt           0x0000000008000ef0        0x0
 .iplt          0x0000000008000ef0        0x0 c:/st/stm32cubeide_1.6.1/stm32cubeide/plugins/com.st.stm32cube.ide.mcu.externaltools.gnu-tools-for-stm32.9-2020-q2-update.win32_2.0.0.202105311346/tools/bin/../lib/gcc/arm-none-eabi/9.3.1/thumb/v7e-m+fp/hard/crtbegin.o

.rodata         0x0000000008000ef0      0x2b8
                0x0000000008000ef0                . = ALIGN (0x4)
 *(.rodata)
 .rodata        0x0000000008000ef0       0x16 ./Src/I2C_tx_String_arduino.o
 *fill*         0x0000000008000f06        0x2 
 .rodata        0x0000000008000f08      0x29e ./drivers/Src/stm32f407xx_i2c_driver.o
 *(.rodata*)
                0x00000000080011a8                . = ALIGN (0x4)
 *fill*         0x00000000080011a6        0x2 

.rel.dyn        0x00000000080011a8        0x0
 .rel.iplt      0x00000000080011a8        0x0 c:/st/stm32cubeide_1.6.1/stm32cubeide/plugins/com.st.stm32cube.ide.mcu.externaltools.gnu-tools-for-stm32.9-2020-q2-update.win32_2.0.0.202105311346/tools/bin/../lib/gcc/arm-none-eabi/9.3.1/thumb/v7e-m+fp/hard/crtbegin.o

.ARM.extab      0x00000000080011a8        0x0
                0x00000000080011a8                . = ALIGN (0x4)
 *(.ARM.extab* .gnu.linkonce.armextab.*)
                0x00000000080011a8                . = ALIGN (0x4)

.ARM            0x00000000080011a8        0x0
                0x00000000080011a8                . = ALIGN (0x4)
                0x00000000080011a8                __exidx_start = .
 *(.ARM.exidx*)
                0x00000000080011a8                __exidx_end = .
                0x00000000080011a8                . = ALIGN (0x4)

.preinit_array  0x00000000080011a8        0x0
                0x00000000080011a8                . = ALIGN (0x4)
                0x00000000080011a8                PROVIDE (__preinit_array_start = .)
 *(.preinit_array*)
                0x00000000080011a8                PROVIDE (__preinit_array_end = .)
                0x00000000080011a8                . = ALIGN (0x4)

.init_array     0x00000000080011a8        0x4
                0x00000000080011a8                . = ALIGN (0x4)
                0x00000000080011a8                PROVIDE (__init_array_start = .)
 *(SORT_BY_NAME(.init_array.*))
 *(.init_array*)
 .init_array    0x00000000080011a8        0x4 c:/st/stm32cubeide_1.6.1/stm32cubeide/plugins/com.st.stm32cube.ide.mcu.externaltools.gnu-tools-for-stm32.9-2020-q2-update.win32_2.0.0.202105311346/tools/bin/../lib/gcc/arm-none-eabi/9.3.1/thumb/v7e-m+fp/hard/crtbegin.o
                0x00000000080011ac                PROVIDE (__init_array_end = .)
                0x00000000080011ac                . = ALIGN (0x4)

.fini_array     0x00000000080011ac        0x4
                0x00000000080011ac                . = ALIGN (0x4)
                [!provide]                        PROVIDE (__fini_array_start = .)
 *(SORT_BY_NAME(.fini_array.*))
 *(.fini_array*)
 .fini_array    0x00000000080011ac        0x4 c:/st/stm32cubeide_1.6.1/stm32cubeide/plugins/com.st.stm32cube.ide.mcu.externaltools.gnu-tools-for-stm32.9-2020-q2-update.win32_2.0.0.202105311346/tools/bin/../lib/gcc/arm-none-eabi/9.3.1/thumb/v7e-m+fp/hard/crtbegin.o
                [!provide]                        PROVIDE (__fini_array_end = .)
                0x00000000080011b0                . = ALIGN (0x4)
                0x00000000080011b0                _sidata = LOADADDR (.data)

.data           0x0000000020000000        0x0 load address 0x00000000080011b0
                0x0000000020000000                . = ALIGN (0x4)
                0x0000000020000000                _sdata = .
 *(.data)
 *(.data*)
 *(.RamFunc)
 *(.RamFunc*)
                0x0000000020000000                . = ALIGN (0x4)
                0x0000000020000000                _edata = .
                0x00000000080011b0                _siccmram = LOADADDR (.ccmram)

.igot.plt       0x0000000020000000        0x0 load address 0x00000000080011b0
 .igot.plt      0x0000000020000000        0x0 c:/st/stm32cubeide_1.6.1/stm32cubeide/plugins/com.st.stm32cube.ide.mcu.externaltools.gnu-tools-for-stm32.9-2020-q2-update.win32_2.0.0.202105311346/tools/bin/../lib/gcc/arm-none-eabi/9.3.1/thumb/v7e-m+fp/hard/crtbegin.o

.ccmram         0x0000000010000000        0x0 load address 0x00000000080011b0
                0x0000000010000000                . = ALIGN (0x4)
                0x0000000010000000                _sccmram = .
 *(.ccmram)
 *(.ccmram*)
                0x0000000010000000                . = ALIGN (0x4)
                0x0000000010000000                _eccmram = .
                0x0000000010000000                . = ALIGN (0x4)

.bss            0x0000000020000000       0x44
                0x0000000020000000                _sbss = .
                0x0000000020000000                __bss_start__ = _sbss
 *(.bss)
 .bss           0x0000000020000000       0x1c c:/st/stm32cubeide_1.6.1/stm32cubeide/plugins/com.st.stm32cube.ide.mcu.externaltools.gnu-tools-for-stm32.9-2020-q2-update.win32_2.0.0.202105311346/tools/bin/../lib/gcc/arm-none-eabi/9.3.1/thumb/v7e-m+fp/hard/crtbegin.o
 *(.bss*)
 *(COMMON)
 COMMON         0x000000002000001c       0x28 ./Src/I2C_tx_String_arduino.o
                0x000000002000001c                I2Chandle
                0x0000000020000044                . = ALIGN (0x4)
                0x0000000020000044                _ebss = .
                0x0000000020000044                __bss_end__ = _ebss

._user_heap_stack
                0x0000000020000044      0x604
                0x0000000020000048                . = ALIGN (0x8)
 *fill*         0x0000000020000044        0x4 
                [!provide]                        PROVIDE (end = .)
                0x0000000020000048                PROVIDE (_end = .)
                0x0000000020000248                . = (. + _Min_Heap_Size)
 *fill*         0x0000000020000048      0x200 
                0x0000000020000648                . = (. + _Min_Stack_Size)
 *fill*         0x0000000020000248      0x400 
                0x0000000020000648                . = ALIGN (0x8)

/DISCARD/
 libc.a(*)
 libm.a(*)
 libgcc.a(*)

.ARM.attributes
                0x0000000000000000       0x30
 *(.ARM.attributes)
 .ARM.attributes
                0x0000000000000000       0x1e c:/st/stm32cubeide_1.6.1/stm32cubeide/plugins/com.st.stm32cube.ide.mcu.externaltools.gnu-tools-for-stm32.9-2020-q2-update.win32_2.0.0.202105311346/tools/bin/../lib/gcc/arm-none-eabi/9.3.1/thumb/v7e-m+fp/hard/crti.o
 .ARM.attributes
                0x000000000000001e       0x34 c:/st/stm32cubeide_1.6.1/stm32cubeide/plugins/com.st.stm32cube.ide.mcu.externaltools.gnu-tools-for-stm32.9-2020-q2-update.win32_2.0.0.202105311346/tools/bin/../lib/gcc/arm-none-eabi/9.3.1/thumb/v7e-m+fp/hard/crtbegin.o
 .ARM.attributes
                0x0000000000000052       0x34 ./Src/I2C_tx_String_arduino.o
 .ARM.attributes
                0x0000000000000086       0x21 ./Startup/startup_stm32f407vgtx.o
 .ARM.attributes
                0x00000000000000a7       0x34 ./drivers/Src/stm32f407xx_gpio_driver.o
 .ARM.attributes
                0x00000000000000db       0x34 ./drivers/Src/stm32f407xx_i2c_driver.o
 .ARM.attributes
                0x000000000000010f       0x34 c:/st/stm32cubeide_1.6.1/stm32cubeide/plugins/com.st.stm32cube.ide.mcu.externaltools.gnu-tools-for-stm32.9-2020-q2-update.win32_2.0.0.202105311346/tools/bin/../lib/gcc/arm-none-eabi/9.3.1/../../../../arm-none-eabi/lib/thumb/v7e-m+fp/hard\libc_nano.a(lib_a-init.o)
 .ARM.attributes
                0x0000000000000143       0x17 c:/st/stm32cubeide_1.6.1/stm32cubeide/plugins/com.st.stm32cube.ide.mcu.externaltools.gnu-tools-for-stm32.9-2020-q2-update.win32_2.0.0.202105311346/tools/bin/../lib/gcc/arm-none-eabi/9.3.1/../../../../arm-none-eabi/lib/thumb/v7e-m+fp/hard\libc_nano.a(lib_a-strlen.o)
 .ARM.attributes
                0x000000000000015a       0x1e c:/st/stm32cubeide_1.6.1/stm32cubeide/plugins/com.st.stm32cube.ide.mcu.externaltools.gnu-tools-for-stm32.9-2020-q2-update.win32_2.0.0.202105311346/tools/bin/../lib/gcc/arm-none-eabi/9.3.1/thumb/v7e-m+fp/hard/crtn.o
OUTPUT(stm32f4 i2c driver.elf elf32-littlearm)
LOAD linker stubs
LOAD c:/st/stm32cubeide_1.6.1/stm32cubeide/plugins/com.st.stm32cube.ide.mcu.externaltools.gnu-tools-for-stm32.9-2020-q2-update.win32_2.0.0.202105311346/tools/bin/../lib/gcc/arm-none-eabi/9.3.1/../../../../arm-none-eabi/lib/thumb/v7e-m+fp/hard\libc.a
LOAD c:/st/stm32cubeide_1.6.1/stm32cubeide/plugins/com.st.stm32cube.ide.mcu.externaltools.gnu-tools-for-stm32.9-2020-q2-update.win32_2.0.0.202105311346/tools/bin/../lib/gcc/arm-none-eabi/9.3.1/../../../../arm-none-eabi/lib/thumb/v7e-m+fp/hard\libm.a
LOAD c:/st/stm32cubeide_1.6.1/stm32cubeide/plugins/com.st.stm32cube.ide.mcu.externaltools.gnu-tools-for-stm32.9-2020-q2-update.win32_2.0.0.202105311346/tools/bin/../lib/gcc/arm-none-eabi/9.3.1/thumb/v7e-m+fp/hard\libgcc.a

.debug_info     0x0000000000000000     0x2fc2
 .debug_info    0x0000000000000000      0xcc9 ./Src/I2C_tx_String_arduino.o
 .debug_info    0x0000000000000cc9       0x22 ./Startup/startup_stm32f407vgtx.o
 .debug_info    0x0000000000000ceb     0x1002 ./drivers/Src/stm32f407xx_gpio_driver.o
 .debug_info    0x0000000000001ced     0x12d5 ./drivers/Src/stm32f407xx_i2c_driver.o

.debug_abbrev   0x0000000000000000      0x77e
 .debug_abbrev  0x0000000000000000      0x21a ./Src/I2C_tx_String_arduino.o
 .debug_abbrev  0x000000000000021a       0x12 ./Startup/startup_stm32f407vgtx.o
 .debug_abbrev  0x000000000000022c      0x26e ./drivers/Src/stm32f407xx_gpio_driver.o
 .debug_abbrev  0x000000000000049a      0x2e4 ./drivers/Src/stm32f407xx_i2c_driver.o

.debug_aranges  0x0000000000000000      0x198
 .debug_aranges
                0x0000000000000000       0x38 ./Src/I2C_tx_String_arduino.o
 .debug_aranges
                0x0000000000000038       0x28 ./Startup/startup_stm32f407vgtx.o
 .debug_aranges
                0x0000000000000060       0x70 ./drivers/Src/stm32f407xx_gpio_driver.o
 .debug_aranges
                0x00000000000000d0       0xc8 ./drivers/Src/stm32f407xx_i2c_driver.o

.debug_ranges   0x0000000000000000      0x160
 .debug_ranges  0x0000000000000000       0x28 ./Src/I2C_tx_String_arduino.o
 .debug_ranges  0x0000000000000028       0x20 ./Startup/startup_stm32f407vgtx.o
 .debug_ranges  0x0000000000000048       0x60 ./drivers/Src/stm32f407xx_gpio_driver.o
 .debug_ranges  0x00000000000000a8       0xb8 ./drivers/Src/stm32f407xx_i2c_driver.o

.debug_macro    0x0000000000000000     0x2b34
 .debug_macro   0x0000000000000000      0x220 ./Src/I2C_tx_String_arduino.o
 .debug_macro   0x0000000000000220      0xab4 ./Src/I2C_tx_String_arduino.o
 .debug_macro   0x0000000000000cd4       0x22 ./Src/I2C_tx_String_arduino.o
 .debug_macro   0x0000000000000cf6       0x4c ./Src/I2C_tx_String_arduino.o
 .debug_macro   0x0000000000000d42       0x18 ./Src/I2C_tx_String_arduino.o
 .debug_macro   0x0000000000000d5a       0x94 ./Src/I2C_tx_String_arduino.o
 .debug_macro   0x0000000000000dee       0x3c ./Src/I2C_tx_String_arduino.o
 .debug_macro   0x0000000000000e2a       0x34 ./Src/I2C_tx_String_arduino.o
 .debug_macro   0x0000000000000e5e       0x16 ./Src/I2C_tx_String_arduino.o
 .debug_macro   0x0000000000000e74       0x57 ./Src/I2C_tx_String_arduino.o
 .debug_macro   0x0000000000000ecb       0x97 ./Src/I2C_tx_String_arduino.o
 .debug_macro   0x0000000000000f62      0x339 ./Src/I2C_tx_String_arduino.o
 .debug_macro   0x000000000000129b       0xfd ./Src/I2C_tx_String_arduino.o
 .debug_macro   0x0000000000001398       0x10 ./Src/I2C_tx_String_arduino.o
 .debug_macro   0x00000000000013a8       0x16 ./Src/I2C_tx_String_arduino.o
 .debug_macro   0x00000000000013be       0x43 ./Src/I2C_tx_String_arduino.o
 .debug_macro   0x0000000000001401       0x34 ./Src/I2C_tx_String_arduino.o
 .debug_macro   0x0000000000001435       0x10 ./Src/I2C_tx_String_arduino.o
 .debug_macro   0x0000000000001445       0x58 ./Src/I2C_tx_String_arduino.o
 .debug_macro   0x000000000000149d       0x71 ./Src/I2C_tx_String_arduino.o
 .debug_macro   0x000000000000150e       0x1c ./Src/I2C_tx_String_arduino.o
 .debug_macro   0x000000000000152a      0x12a ./Src/I2C_tx_String_arduino.o
 .debug_macro   0x0000000000001654       0x10 ./Src/I2C_tx_String_arduino.o
 .debug_macro   0x0000000000001664       0x6a ./Src/I2C_tx_String_arduino.o
 .debug_macro   0x00000000000016ce       0x1c ./Src/I2C_tx_String_arduino.o
 .debug_macro   0x00000000000016ea       0x52 ./Src/I2C_tx_String_arduino.o
 .debug_macro   0x000000000000173c       0x22 ./Src/I2C_tx_String_arduino.o
 .debug_macro   0x000000000000175e       0x10 ./Src/I2C_tx_String_arduino.o
 .debug_macro   0x000000000000176e       0x40 ./Src/I2C_tx_String_arduino.o
 .debug_macro   0x00000000000017ae       0xd5 ./Src/I2C_tx_String_arduino.o
 .debug_macro   0x0000000000001883       0x1c ./Src/I2C_tx_String_arduino.o
 .debug_macro   0x000000000000189f       0x3d ./Src/I2C_tx_String_arduino.o
 .debug_macro   0x00000000000018dc       0x16 ./Src/I2C_tx_String_arduino.o
 .debug_macro   0x00000000000018f2      0x145 ./Src/I2C_tx_String_arduino.o
 .debug_macro   0x0000000000001a37      0x103 ./Src/I2C_tx_String_arduino.o
 .debug_macro   0x0000000000001b3a      0x1df ./Src/I2C_tx_String_arduino.o
 .debug_macro   0x0000000000001d19       0x16 ./Src/I2C_tx_String_arduino.o
 .debug_macro   0x0000000000001d2f       0x35 ./Src/I2C_tx_String_arduino.o
 .debug_macro   0x0000000000001d64       0x20 ./Src/I2C_tx_String_arduino.o
 .debug_macro   0x0000000000001d84      0x661 ./Src/I2C_tx_String_arduino.o
 .debug_macro   0x00000000000023e5       0xd0 ./Src/I2C_tx_String_arduino.o
 .debug_macro   0x00000000000024b5       0xc1 ./Src/I2C_tx_String_arduino.o
 .debug_macro   0x0000000000002576      0x1e9 ./drivers/Src/stm32f407xx_gpio_driver.o
 .debug_macro   0x000000000000275f       0x8e ./drivers/Src/stm32f407xx_gpio_driver.o
 .debug_macro   0x00000000000027ed       0x51 ./drivers/Src/stm32f407xx_gpio_driver.o
 .debug_macro   0x000000000000283e       0x52 ./drivers/Src/stm32f407xx_gpio_driver.o
 .debug_macro   0x0000000000002890      0x1e9 ./drivers/Src/stm32f407xx_i2c_driver.o
 .debug_macro   0x0000000000002a79       0xbb ./drivers/Src/stm32f407xx_i2c_driver.o

.debug_line     0x0000000000000000     0x2206
 .debug_line    0x0000000000000000      0x6f8 ./Src/I2C_tx_String_arduino.o
 .debug_line    0x00000000000006f8       0x84 ./Startup/startup_stm32f407vgtx.o
 .debug_line    0x000000000000077c      0xbeb ./drivers/Src/stm32f407xx_gpio_driver.o
 .debug_line    0x0000000000001367      0xe9f ./drivers/Src/stm32f407xx_i2c_driver.o

.debug_str      0x0000000000000000     0xacf9
 .debug_str     0x0000000000000000     0xa793 ./Src/I2C_tx_String_arduino.o
                                       0xaa0e (size before relaxing)
 .debug_str     0x000000000000a793       0x31 ./Startup/startup_stm32f407vgtx.o
                                         0x6e (size before relaxing)
 .debug_str     0x000000000000a7c4      0x2b4 ./drivers/Src/stm32f407xx_gpio_driver.o
                                       0xa7ef (size before relaxing)
 .debug_str     0x000000000000aa78      0x281 ./drivers/Src/stm32f407xx_i2c_driver.o
                                       0xa9dc (size before relaxing)

.comment        0x0000000000000000       0x53
 .comment       0x0000000000000000       0x53 ./Src/I2C_tx_String_arduino.o
                                         0x54 (size before relaxing)
 .comment       0x0000000000000053       0x54 ./drivers/Src/stm32f407xx_gpio_driver.o
 .comment       0x0000000000000053       0x54 ./drivers/Src/stm32f407xx_i2c_driver.o

.debug_frame    0x0000000000000000      0x5dc
 .debug_frame   0x0000000000000000       0x98 ./Src/I2C_tx_String_arduino.o
 .debug_frame   0x0000000000000098      0x1c4 ./drivers/Src/stm32f407xx_gpio_driver.o
 .debug_frame   0x000000000000025c      0x354 ./drivers/Src/stm32f407xx_i2c_driver.o
 .debug_frame   0x00000000000005b0       0x2c c:/st/stm32cubeide_1.6.1/stm32cubeide/plugins/com.st.stm32cube.ide.mcu.externaltools.gnu-tools-for-stm32.9-2020-q2-update.win32_2.0.0.202105311346/tools/bin/../lib/gcc/arm-none-eabi/9.3.1/../../../../arm-none-eabi/lib/thumb/v7e-m+fp/hard\libc_nano.a(lib_a-init.o)
