stm32f407xx_i2c_driver.c:11:13:I2C_Generate_start_condition	16	static
stm32f407xx_i2c_driver.c:17:13:I2C_Generate_Stop_Condition	16	static
stm32f407xx_i2c_driver.c:24:9:I2C_GetFlagStatus	16	static
stm32f407xx_i2c_driver.c:35:6:I2C_CloseSendData	16	static
stm32f407xx_i2c_driver.c:48:6:I2C_Close_recieve	16	static
stm32f407xx_i2c_driver.c:65:13:I2C_executeAddresPhase	16	static
stm32f407xx_i2c_driver.c:77:13:Clear_ADDR_FLAG	24	static
stm32f407xx_i2c_driver.c:110:6:I2C_PeripheralClockControl	16	static
stm32f407xx_i2c_driver.c:130:10:RCC_GetPllClk	4	static
stm32f407xx_i2c_driver.c:134:10:RCC_GetPCLK1Vlaue	56	static
stm32f407xx_i2c_driver.c:171:6:I2C_Init	24	static
stm32f407xx_i2c_driver.c:239:6:I2C_DeInit	16	static
stm32f407xx_i2c_driver.c:250:6:I2C_PeripheralControl	16	static
stm32f407xx_i2c_driver.c:263:6:I2C_Send	24	static
stm32f407xx_i2c_driver.c:298:6:I2C_Recieve	32	static
stm32f407xx_i2c_driver.c:362:6:I2C_IRQInterruptConfig	16	static
stm32f407xx_i2c_driver.c:387:6:I2C_IRQPriorityConfig	24	static
stm32f407xx_i2c_driver.c:398:9:I2C_SendIT	32	static
stm32f407xx_i2c_driver.c:422:9:I2C_ReadIT	32	static
stm32f407xx_i2c_driver.c:454:6:I2C_EV_IRQHandling	32	static
stm32f407xx_i2c_driver.c:628:6:I2C_ER_IRQHandling	16	static
stm32f407xx_i2c_driver.c:635:6:I2C_ApplicationEventCallBack	16	static
